  Determining projects to restore...
D:\Documents\WorkSpace\ProjectNET\git\sonixy\be\Sonixy.Gateway\Sonixy.Gateway.csproj : warning NU1902: Package 'Microsoft.IdentityModel.JsonWebTokens' 7.0.3 has a known moderate severity vulnerability, https://github.com/advisories/GHSA-59j7-ghrg-fj52 [D:\Documents\WorkSpace\ProjectNET\git\sonixy\Sonixy.sln]
D:\Documents\WorkSpace\ProjectNET\git\sonixy\be\Sonixy.Gateway\Sonixy.Gateway.csproj : warning NU1902: Package 'System.IdentityModel.Tokens.Jwt' 7.0.3 has a known moderate severity vulnerability, https://github.com/advisories/GHSA-59j7-ghrg-fj52 [D:\Documents\WorkSpace\ProjectNET\git\sonixy\Sonixy.sln]
D:\Documents\WorkSpace\ProjectNET\git\sonixy\be\Sonixy.ChatService\Infrastructure\Sonixy.ChatService.Infrastructure.csproj : error NU1605: Warning As Error: Detected package downgrade: MassTransit.RabbitMQ from 8.5.7 to 8.3.3. Reference the package directly from the project to select a different version.  [D:\Documents\WorkSpace\ProjectNET\git\sonixy\Sonixy.sln]
D:\Documents\WorkSpace\ProjectNET\git\sonixy\be\Sonixy.ChatService\Infrastructure\Sonixy.ChatService.Infrastructure.csproj : error NU1605:  Sonixy.ChatService.Infrastructure -> Sonixy.Shared -> MassTransit.RabbitMQ (>= 8.5.7)  [D:\Documents\WorkSpace\ProjectNET\git\sonixy\Sonixy.sln]
D:\Documents\WorkSpace\ProjectNET\git\sonixy\be\Sonixy.ChatService\Infrastructure\Sonixy.ChatService.Infrastructure.csproj : error NU1605:  Sonixy.ChatService.Infrastructure -> MassTransit.RabbitMQ (>= 8.3.3) [D:\Documents\WorkSpace\ProjectNET\git\sonixy\Sonixy.sln]
D:\Documents\WorkSpace\ProjectNET\git\sonixy\be\Sonixy.PostService\Application\Sonixy.PostService.Application.csproj : error NU1605: Warning As Error: Detected package downgrade: MassTransit from 8.5.7 to 8.3.3. Reference the package directly from the project to select a different version.  [D:\Documents\WorkSpace\ProjectNET\git\sonixy\Sonixy.sln]
D:\Documents\WorkSpace\ProjectNET\git\sonixy\be\Sonixy.PostService\Application\Sonixy.PostService.Application.csproj : error NU1605:  Sonixy.PostService.Application -> Sonixy.Shared -> MassTransit.RabbitMQ 8.5.7 -> MassTransit (>= 8.5.7)  [D:\Documents\WorkSpace\ProjectNET\git\sonixy\Sonixy.sln]
D:\Documents\WorkSpace\ProjectNET\git\sonixy\be\Sonixy.PostService\Application\Sonixy.PostService.Application.csproj : error NU1605:  Sonixy.PostService.Application -> MassTransit (>= 8.3.3) [D:\Documents\WorkSpace\ProjectNET\git\sonixy\Sonixy.sln]
D:\Documents\WorkSpace\ProjectNET\git\sonixy\be\Sonixy.AnalyticsService\Sonixy.AnalyticsService.csproj : error NU1605: Warning As Error: Detected package downgrade: MassTransit.RabbitMQ from 8.5.7 to 8.3.3. Reference the package directly from the project to select a different version.  [D:\Documents\WorkSpace\ProjectNET\git\sonixy\Sonixy.sln]
D:\Documents\WorkSpace\ProjectNET\git\sonixy\be\Sonixy.AnalyticsService\Sonixy.AnalyticsService.csproj : error NU1605:  Sonixy.AnalyticsService -> Sonixy.Shared -> MassTransit.RabbitMQ (>= 8.5.7)  [D:\Documents\WorkSpace\ProjectNET\git\sonixy\Sonixy.sln]
D:\Documents\WorkSpace\ProjectNET\git\sonixy\be\Sonixy.AnalyticsService\Sonixy.AnalyticsService.csproj : error NU1605:  Sonixy.AnalyticsService -> MassTransit.RabbitMQ (>= 8.3.3) [D:\Documents\WorkSpace\ProjectNET\git\sonixy\Sonixy.sln]
D:\Documents\WorkSpace\ProjectNET\git\sonixy\be\Sonixy.SearchService\Api\Sonixy.SearchService.Api.csproj : error NU1201: Project Sonixy.Shared is not compatible with net8.0 (.NETCoreApp,Version=v8.0). Project Sonixy.Shared supports: net10.0 (.NETCoreApp,Version=v10.0) [D:\Documents\WorkSpace\ProjectNET\git\sonixy\Sonixy.sln]
  Failed to restore D:\Documents\WorkSpace\ProjectNET\git\sonixy\be\Sonixy.ChatService\Infrastructure\Sonixy.ChatService.Infrastructure.csproj (in 2.23 sec).
  Failed to restore D:\Documents\WorkSpace\ProjectNET\git\sonixy\be\Sonixy.SearchService\Api\Sonixy.SearchService.Api.csproj (in 2.23 sec).
  Failed to restore D:\Documents\WorkSpace\ProjectNET\git\sonixy\be\Sonixy.AnalyticsService\Sonixy.AnalyticsService.csproj (in 2.03 sec).
  Failed to restore D:\Documents\WorkSpace\ProjectNET\git\sonixy\be\Sonixy.PostService\Application\Sonixy.PostService.Application.csproj (in 2.04 sec).
  28 of 32 projects are up-to-date for restore.

Build FAILED.

D:\Documents\WorkSpace\ProjectNET\git\sonixy\be\Sonixy.Gateway\Sonixy.Gateway.csproj : warning NU1902: Package 'Microsoft.IdentityModel.JsonWebTokens' 7.0.3 has a known moderate severity vulnerability, https://github.com/advisories/GHSA-59j7-ghrg-fj52 [D:\Documents\WorkSpace\ProjectNET\git\sonixy\Sonixy.sln]
D:\Documents\WorkSpace\ProjectNET\git\sonixy\be\Sonixy.Gateway\Sonixy.Gateway.csproj : warning NU1902: Package 'System.IdentityModel.Tokens.Jwt' 7.0.3 has a known moderate severity vulnerability, https://github.com/advisories/GHSA-59j7-ghrg-fj52 [D:\Documents\WorkSpace\ProjectNET\git\sonixy\Sonixy.sln]
D:\Documents\WorkSpace\ProjectNET\git\sonixy\be\Sonixy.ChatService\Infrastructure\Sonixy.ChatService.Infrastructure.csproj : error NU1605: Warning As Error: Detected package downgrade: MassTransit.RabbitMQ from 8.5.7 to 8.3.3. Reference the package directly from the project to select a different version.  [D:\Documents\WorkSpace\ProjectNET\git\sonixy\Sonixy.sln]
D:\Documents\WorkSpace\ProjectNET\git\sonixy\be\Sonixy.ChatService\Infrastructure\Sonixy.ChatService.Infrastructure.csproj : error NU1605:  Sonixy.ChatService.Infrastructure -> Sonixy.Shared -> MassTransit.RabbitMQ (>= 8.5.7)  [D:\Documents\WorkSpace\ProjectNET\git\sonixy\Sonixy.sln]
D:\Documents\WorkSpace\ProjectNET\git\sonixy\be\Sonixy.ChatService\Infrastructure\Sonixy.ChatService.Infrastructure.csproj : error NU1605:  Sonixy.ChatService.Infrastructure -> MassTransit.RabbitMQ (>= 8.3.3) [D:\Documents\WorkSpace\ProjectNET\git\sonixy\Sonixy.sln]
D:\Documents\WorkSpace\ProjectNET\git\sonixy\be\Sonixy.PostService\Application\Sonixy.PostService.Application.csproj : error NU1605: Warning As Error: Detected package downgrade: MassTransit from 8.5.7 to 8.3.3. Reference the package directly from the project to select a different version.  [D:\Documents\WorkSpace\ProjectNET\git\sonixy\Sonixy.sln]
D:\Documents\WorkSpace\ProjectNET\git\sonixy\be\Sonixy.PostService\Application\Sonixy.PostService.Application.csproj : error NU1605:  Sonixy.PostService.Application -> Sonixy.Shared -> MassTransit.RabbitMQ 8.5.7 -> MassTransit (>= 8.5.7)  [D:\Documents\WorkSpace\ProjectNET\git\sonixy\Sonixy.sln]
D:\Documents\WorkSpace\ProjectNET\git\sonixy\be\Sonixy.PostService\Application\Sonixy.PostService.Application.csproj : error NU1605:  Sonixy.PostService.Application -> MassTransit (>= 8.3.3) [D:\Documents\WorkSpace\ProjectNET\git\sonixy\Sonixy.sln]
D:\Documents\WorkSpace\ProjectNET\git\sonixy\be\Sonixy.AnalyticsService\Sonixy.AnalyticsService.csproj : error NU1605: Warning As Error: Detected package downgrade: MassTransit.RabbitMQ from 8.5.7 to 8.3.3. Reference the package directly from the project to select a different version.  [D:\Documents\WorkSpace\ProjectNET\git\sonixy\Sonixy.sln]
D:\Documents\WorkSpace\ProjectNET\git\sonixy\be\Sonixy.AnalyticsService\Sonixy.AnalyticsService.csproj : error NU1605:  Sonixy.AnalyticsService -> Sonixy.Shared -> MassTransit.RabbitMQ (>= 8.5.7)  [D:\Documents\WorkSpace\ProjectNET\git\sonixy\Sonixy.sln]
D:\Documents\WorkSpace\ProjectNET\git\sonixy\be\Sonixy.AnalyticsService\Sonixy.AnalyticsService.csproj : error NU1605:  Sonixy.AnalyticsService -> MassTransit.RabbitMQ (>= 8.3.3) [D:\Documents\WorkSpace\ProjectNET\git\sonixy\Sonixy.sln]
D:\Documents\WorkSpace\ProjectNET\git\sonixy\be\Sonixy.SearchService\Api\Sonixy.SearchService.Api.csproj : error NU1201: Project Sonixy.Shared is not compatible with net8.0 (.NETCoreApp,Version=v8.0). Project Sonixy.Shared supports: net10.0 (.NETCoreApp,Version=v10.0) [D:\Documents\WorkSpace\ProjectNET\git\sonixy\Sonixy.sln]
    2 Warning(s)
    4 Error(s)

Time Elapsed 00:00:06.99
